---
source: record/src/record.rs
expression: r
---
Record {
    header: RecordHeader {
        content_type: Handshake,
        legacy_version: [
            3,
            1,
        ],
        record_length: U16(
            663,
        ),
    },
    raw_bytes: [
        1,
        0,
        2,
        147,
        3,
        3,
        11,
        119,
        228,
        250,
        4,
        206,
        180,
        220,
        2,
        108,
        116,
        33,
        63,
        226,
        165,
        92,
        20,
        136,
        50,
        25,
        185,
        230,
        247,
        176,
        181,
        3,
        238,
        43,
        74,
        51,
        29,
        132,
        32,
        101,
        220,
        192,
        186,
        190,
        140,
        64,
        28,
        30,
        138,
        254,
        31,
        94,
        64,
        229,
        65,
        85,
        221,
        15,
        40,
        225,
        199,
        190,
        110,
        35,
        38,
        20,
        63,
        137,
        188,
        217,
        93,
        0,
        34,
        19,
        1,
        19,
        3,
        19,
        2,
        192,
        43,
        192,
        47,
        204,
        169,
        204,
        168,
        192,
        44,
        192,
        48,
        192,
        10,
        192,
        9,
        192,
        19,
        192,
        20,
        0,
        156,
        0,
        157,
        0,
        47,
        0,
        53,
        1,
        0,
        2,
        40,
        0,
        0,
        0,
        21,
        0,
        19,
        0,
        0,
        16,
        116,
        101,
        115,
        116,
        46,
        114,
        117,
        115,
        116,
        99,
        114,
        121,
        112,
        46,
        116,
        111,
        0,
        23,
        0,
        0,
        255,
        1,
        0,
        1,
        0,
        0,
        10,
        0,
        14,
        0,
        12,
        0,
        29,
        0,
        23,
        0,
        24,
        0,
        25,
        1,
        0,
        1,
        1,
        0,
        11,
        0,
        2,
        1,
        0,
        0,
        35,
        0,
        0,
        0,
        16,
        0,
        14,
        0,
        12,
        2,
        104,
        50,
        8,
        104,
        116,
        116,
        112,
        47,
        49,
        46,
        49,
        0,
        5,
        0,
        5,
        1,
        0,
        0,
        0,
        0,
        0,
        34,
        0,
        10,
        0,
        8,
        4,
        3,
        5,
        3,
        6,
        3,
        2,
        3,
        0,
        18,
        0,
        0,
        0,
        51,
        0,
        107,
        0,
        105,
        0,
        29,
        0,
        32,
        151,
        129,
        66,
        209,
        47,
        165,
        111,
        235,
        234,
        63,
        150,
        122,
        67,
        207,
        90,
        204,
        234,
        25,
        28,
        228,
        205,
        93,
        207,
        233,
        209,
        253,
        122,
        88,
        23,
        187,
        199,
        39,
        0,
        23,
        0,
        65,
        4,
        61,
        137,
        213,
        184,
        242,
        156,
        181,
        194,
        146,
        48,
        188,
        198,
        234,
        224,
        194,
        137,
        15,
        72,
        151,
        36,
        66,
        107,
        210,
        110,
        42,
        114,
        88,
        18,
        49,
        149,
        106,
        233,
        145,
        23,
        199,
        57,
        244,
        210,
        77,
        86,
        65,
        67,
        167,
        50,
        167,
        62,
        146,
        66,
        27,
        73,
        255,
        81,
        169,
        196,
        79,
        114,
        148,
        96,
        246,
        238,
        37,
        30,
        83,
        123,
        0,
        43,
        0,
        5,
        4,
        3,
        4,
        3,
        3,
        0,
        13,
        0,
        24,
        0,
        22,
        4,
        3,
        5,
        3,
        6,
        3,
        8,
        4,
        8,
        5,
        8,
        6,
        4,
        1,
        5,
        1,
        6,
        1,
        2,
        3,
        2,
        1,
        0,
        45,
        0,
        2,
        1,
        1,
        0,
        28,
        0,
        2,
        64,
        1,
        254,
        13,
        1,
        25,
        0,
        0,
        1,
        0,
        3,
        175,
        0,
        32,
        232,
        14,
        16,
        36,
        5,
        219,
        58,
        210,
        207,
        178,
        103,
        246,
        225,
        21,
        86,
        241,
        248,
        182,
        54,
        79,
        90,
        2,
        176,
        120,
        151,
        184,
        234,
        238,
        78,
        13,
        90,
        25,
        0,
        239,
        227,
        179,
        165,
        210,
        77,
        246,
        45,
        4,
        90,
        181,
        102,
        186,
        97,
        83,
        107,
        84,
        67,
        206,
        200,
        43,
        224,
        34,
        183,
        18,
        136,
        34,
        4,
        247,
        131,
        175,
        231,
        199,
        235,
        89,
        185,
        62,
        107,
        157,
        48,
        214,
        35,
        254,
        154,
        133,
        208,
        137,
        89,
        54,
        190,
        143,
        133,
        213,
        72,
        24,
        233,
        160,
        104,
        137,
        230,
        237,
        83,
        227,
        213,
        170,
        148,
        224,
        129,
        44,
        135,
        45,
        94,
        180,
        2,
        119,
        246,
        210,
        185,
        193,
        175,
        219,
        171,
        112,
        188,
        125,
        165,
        214,
        40,
        29,
        38,
        50,
        137,
        88,
        85,
        103,
        91,
        197,
        231,
        221,
        173,
        214,
        174,
        254,
        192,
        35,
        66,
        19,
        80,
        130,
        149,
        12,
        67,
        13,
        235,
        108,
        76,
        227,
        217,
        41,
        73,
        41,
        39,
        23,
        34,
        170,
        221,
        176,
        106,
        119,
        112,
        89,
        78,
        194,
        189,
        57,
        83,
        120,
        224,
        97,
        178,
        146,
        223,
        218,
        165,
        55,
        226,
        83,
        92,
        167,
        238,
        92,
        105,
        137,
        145,
        248,
        221,
        139,
        92,
        34,
        114,
        149,
        226,
        206,
        204,
        183,
        169,
        184,
        77,
        181,
        202,
        220,
        176,
        85,
        241,
        239,
        1,
        157,
        102,
        153,
        247,
        105,
        89,
        38,
        10,
        10,
        73,
        87,
        77,
        24,
        69,
        107,
        227,
        147,
        110,
        116,
        247,
        109,
        62,
        94,
        91,
        65,
        141,
        220,
        69,
        178,
        178,
        25,
        206,
        233,
        28,
        157,
        223,
        12,
        88,
        221,
        60,
        15,
        184,
        125,
        149,
        76,
        181,
        154,
        67,
        216,
        151,
        237,
        17,
        247,
        234,
        10,
        81,
        251,
        123,
        9,
        58,
        213,
        71,
        210,
        176,
    ],
    content: Handshake(
        HandshakeMsg {
            hdr: HandshakeHdr {
                msg_type: ClientHello,
                msg_length: [
                    0,
                    2,
                    147,
                ],
            },
            msg: ClientHello(
                ClientHello {
                    hdr: ClientHelloHdr {
                        legacy_version: [
                            3,
                            3,
                        ],
                        client_random: [
                            11,
                            119,
                            228,
                            250,
                            4,
                            206,
                            180,
                            220,
                            2,
                            108,
                            116,
                            33,
                            63,
                            226,
                            165,
                            92,
                            20,
                            136,
                            50,
                            25,
                            185,
                            230,
                            247,
                            176,
                            181,
                            3,
                            238,
                            43,
                            74,
                            51,
                            29,
                            132,
                        ],
                        ses_id_len: 32,
                    },
                },
            ),
        },
    ),
}
