---
source: extensions/src/encrypted_client_hello.rs
expression: tester
---
Tester {
    outers: [
        Outer {
            config_id: 231,
            kdf: HkdfSha256,
            aead: Aes128Gcm,
            enc: [
                31,
                12,
                202,
                253,
                37,
                216,
                79,
                184,
                227,
                102,
                7,
                49,
                117,
                247,
                92,
                93,
                103,
                157,
                2,
                183,
                55,
                67,
                223,
                242,
                74,
                116,
                120,
                5,
                50,
                51,
                84,
                45,
            ],
            payload: [
                216,
                191,
                15,
                215,
                10,
                46,
                43,
                79,
                242,
                216,
                218,
                211,
                185,
                187,
                189,
                15,
                21,
                180,
                137,
                22,
                38,
                154,
                132,
                184,
                187,
                238,
                3,
                62,
                13,
                75,
                228,
                115,
                252,
                215,
                127,
                51,
                40,
                58,
                31,
                141,
                27,
                202,
                148,
                52,
                125,
                105,
                6,
                215,
                205,
                222,
                198,
                191,
                200,
                40,
                67,
                42,
                248,
                190,
                132,
                25,
                104,
                0,
                189,
                196,
                25,
                135,
                232,
                105,
                181,
                102,
                123,
                230,
                215,
                179,
                108,
                43,
                243,
                50,
                87,
                49,
                241,
                111,
                174,
                234,
                36,
                145,
                50,
                181,
                181,
                187,
                222,
                11,
                21,
                243,
                246,
                100,
                20,
                91,
                74,
                39,
                115,
                117,
                51,
                247,
                203,
                53,
                16,
                10,
                46,
                249,
                226,
                34,
                116,
                89,
                92,
                35,
                37,
                109,
                230,
                119,
                240,
                48,
                91,
                134,
                38,
                100,
                69,
                215,
                118,
                167,
                144,
                113,
                75,
                33,
                133,
                76,
                68,
                187,
                20,
                138,
                203,
                201,
                104,
                27,
                231,
                146,
                248,
                99,
                185,
                92,
                68,
                35,
                42,
                15,
                137,
                126,
                125,
                199,
                113,
                227,
                193,
                40,
                110,
                138,
                252,
                85,
                208,
                24,
                125,
                103,
                135,
                28,
                177,
                138,
                28,
                216,
                243,
                215,
                139,
                214,
                55,
                147,
                58,
                120,
                45,
                101,
                137,
                13,
                163,
                175,
                94,
                212,
                251,
                114,
                164,
                69,
                101,
                241,
                175,
                168,
                45,
                178,
                54,
                113,
                119,
                92,
                95,
                6,
                74,
                122,
                72,
                52,
                156,
                211,
                231,
                99,
                241,
                45,
                18,
                1,
                128,
                197,
                102,
                253,
                51,
                200,
                46,
                56,
                234,
                171,
                124,
                113,
                252,
                241,
                21,
                11,
                196,
                9,
                103,
            ],
        },
    ],
}
